// Jest Snapshot v1, https://goo.gl/fbAQLP

exports[`Title component should render without errors 1`] = `ShallowWrapper {}`;
