// Jest Snapshot v1, https://goo.gl/fbAQLP

exports[`Logo component should render without errors 1`] = `ShallowWrapper {}`;
