// Jest Snapshot v1, https://goo.gl/fbAQLP

exports[`InboxMsg message component should render without errors 1`] = `ShallowWrapper {}`;
